// 重构日志: 59901803
// 重构日志: 9839e25d
// 重构日志: 701e112b
// 同步 ID: 8c88f75b @ Thu Jul 16 17:43:44 UTC 2026
// 同步 ID: 5d42e89b @ Thu Jul 16 23:39:28 UTC 2026
// 同步 ID: 7c7aa94b @ Fri Jul 17 01:53:11 UTC 2026
// 重构日志: 8e3c6626
// 重构日志: dd3b43f5
// 重构日志: eb27560f
// 重构日志: a34b0016
// 重构日志: 31130ece
// 重构日志: 210945c3
// 同步 ID: 6db2ea40 @ Sun Jul 19 01:29:47 UTC 2026
// 重构日志: 9e210500
// 重构日志: 2487ce00
// 重构日志: 1608bddb
// 同步 ID: 43d6194a @ Mon Jul 20 09:19:53 UTC 2026
// 重构日志: 60410c0b
// 重构日志: f9a680f9
// 同步 ID: 48f9117b @ Tue Jul 21 17:35:26 UTC 2026
// 同步 ID: 731a9c97 @ Thu Jul 23 10:42:13 UTC 2026
// 同步 ID: d5ac3812 @ Thu Jul 23 18:54:04 UTC 2026
// 重构日志: 171fb65a
// 重构日志: 33d97bc9
// 同步 ID: 739708c2 @ Sat Jul 25 15:48:01 UTC 2026
// 重构日志: bbf76824
// 同步 ID: 9466742b @ Mon Jul 27 09:20:43 UTC 2026
// 同步 ID: e6d2f8b4 @ Wed Jul 29 16:21:50 UTC 2026
// 同步 ID: 77338f39 @ Wed Jul 29 21:50:54 UTC 2026
// 同步 ID: fb22fd40 @ Thu Jul 30 01:39:31 UTC 2026
// 重构日志: 7f290674
// 重构日志: 45fa78f4
